[salmon-raccoon-848126.hostingersite.com/index.php/Main_Page.html]
[backblue.gif]
[fade.gif]
[index.html]
[salmon-raccoon-848126.hostingersite.com/skins/common/sharedc451.css]
[salmon-raccoon-848126.hostingersite.com/skins/monobook/mainc451.css]
[salmon-raccoon-848126.hostingersite.com/skins/common/commonPrintc451.css]
[salmon-raccoon-848126.hostingersite.com/skins/common/wikibitsc451.js]
[salmon-raccoon-848126.hostingersite.com/skins/common/ajaxc451.js]
[salmon-raccoon-848126.hostingersite.com/index.php/Contribution.html]
[salmon-raccoon-848126.hostingersite.com/index.php/Pleasure.html]
[salmon-raccoon-848126.hostingersite.com/wikifiles/nabilsbirdssmall.jpg]
[salmon-raccoon-848126.hostingersite.com/index.php/Freekipedia.html]
[salmon-raccoon-848126.hostingersite.com/index.php/Help.html]
[salmon-raccoon-848126.hostingersite.com/index.php/Special_Recentchanges.html]
[salmon-raccoon-848126.hostingersite.com/index.php/Special_Specialpages.html]
[salmon-raccoon-848126.hostingersite.com/skins/common/images/poweredby_mediawiki_88x31.png]
[salmon-raccoon-848126.hostingersite.com/index.php/freekipedia_Privacy_policy.html]
[salmon-raccoon-848126.hostingersite.com/index.php/freekipedia_About.html]
[salmon-raccoon-848126.hostingersite.com/index.php/Main_Page.html]
[salmon-raccoon-848126.hostingersite.com/skins/common/sharedc451.css]
[salmon-raccoon-848126.hostingersite.com/index.php/freekipedia_General_disclaimer.html]
[salmon-raccoon-848126.hostingersite.com/skins/monobook/headbg.jpg]
[salmon-raccoon-848126.hostingersite.com/skins/monobook/bullet.gif]
[salmon-raccoon-848126.hostingersite.com/skins/monobook/external.png]
[salmon-raccoon-848126.hostingersite.com/skins/monobook/lock_icon.gif]
[salmon-raccoon-848126.hostingersite.com/skins/monobook/mail_icon.gif]
[salmon-raccoon-848126.hostingersite.com/skins/monobook/news_icon.png]
[salmon-raccoon-848126.hostingersite.com/skins/monobook/file_icon.gif]
[salmon-raccoon-848126.hostingersite.com/skins/monobook/discussionitem_icon.gif]
[salmon-raccoon-848126.hostingersite.com/skins/monobook/audio.png]
[salmon-raccoon-848126.hostingersite.com/skins/monobook/video.png]
[salmon-raccoon-848126.hostingersite.com/skins/monobook/document.png]
[salmon-raccoon-848126.hostingersite.com/skins/monobook/user.gif]
[salmon-raccoon-848126.hostingersite.com/skins/monobook/mainc451.css]
[salmon-raccoon-848126.hostingersite.com/skins/common/commonPrintc451.css]
[salmon-raccoon-848126.hostingersite.com/index.php/sort_up.png]
[salmon-raccoon-848126.hostingersite.com/index.php/sort_down.png]
[salmon-raccoon-848126.hostingersite.com/index.php/sort_none.png]
[salmon-raccoon-848126.hostingersite.com/skins/common/wikibitsc451.js]
[salmon-raccoon-848126.hostingersite.com/skins/common/ajaxc451.js]
[salmon-raccoon-848126.hostingersite.com/index.php/Contribution.html]
[web.archive.org/_static/images/toolbar/wayback-toolbar-logo-200.png]
[web.archive.org/_static/images/toolbar/wm_tb_prv_off.png]
[web.archive.org/_static/images/toolbar/wm_tb_nxt_off.png]
[web.archive.org/_static/images/loading.gif]
[web.archive.org/web/20110108165636im_/http_/freekipedia.net/wikifiles/nabilsbirdssmall.jpg]
[salmon-raccoon-848126.hostingersite.com/index.php/Pleasure - freekipedia_files/poweredby_mediawiki_88x31.png]
[salmon-raccoon-848126.hostingersite.com/index.php/Pleasure.html]
[salmon-raccoon-848126.hostingersite.com/index.php/Special_Whatlinkshere/Freekipedia.html]
[salmon-raccoon-848126.hostingersite.com/index.php/Freekipedia.html]
[salmon-raccoon-848126.hostingersite.com/index.php/Special_Recentchangeslinked/Freekipedia.html]
[salmon-raccoon-848126.hostingersite.com/index.php/Help.html]
[salmon-raccoon-848126.hostingersite.com/index.php/Special_Recentchanges.html]
[salmon-raccoon-848126.hostingersite.com/index.php/Special_Specialpages.html]
[salmon-raccoon-848126.hostingersite.com/index.php/freekipedia_Privacy_policy.html]
[salmon-raccoon-848126.hostingersite.com/index.php/freekipedia_About.html]
[salmon-raccoon-848126.hostingersite.com/index.php/freekipedia_General_disclaimer.html]
[salmon-raccoon-848126.hostingersite.com/index.php/Pleasure - freekipedia_files/banner-styles.css]
[salmon-raccoon-848126.hostingersite.com/index.php/Pleasure - freekipedia_files/iconochive.css]
[salmon-raccoon-848126.hostingersite.com/web/20110507121700cs_/http_/freekipedia.net/skins/common/sharedc451.css]
[salmon-raccoon-848126.hostingersite.com/web/20110507121700cs_/http_/freekipedia.net/skins/monobook/mainc451.css]
[salmon-raccoon-848126.hostingersite.com/index.php/Pleasure - freekipedia_files/commonPrint.css]
[salmon-raccoon-848126.hostingersite.com/index.php/Pleasure - freekipedia_files/KHTMLFixes.css]
[salmon-raccoon-848126.hostingersite.com/index.php/chrome-extension_/eiaeiblijfjekdanodkjadfinkhbfgcd/jsAndWasm/nordpass-script.js]
[salmon-raccoon-848126.hostingersite.com/index.php/chrome-extension_/eiaeiblijfjekdanodkjadfinkhbfgcd/jsAndWasm/passkeys.js]
[salmon-raccoon-848126.hostingersite.com/index.php/Special_Whatlinkshere/Freekipedia.html]
[salmon-raccoon-848126.hostingersite.com/index.php/Special_Recentchangeslinked/Freekipedia.html]
